67.37 vb= t= 37000 51000 49000 46243 49000 51000 51000 52000 53000 51000 51000 51000
69.72 vb= t= 37000 50000 49000 46243 49000 51000 51000 52000 51000 51000 51000 51000
72.08 vb= t= 37000 50000 49000 46145 49000 51000 51000 51000 51000 51000 51000 51000
74.46 vb= t= 37000 50000 49000 46194 49000 51000 51000 51000 51000 50000 51000 51000
76.85 vb= t= 37000 50000 49000 46047 49000 50000 51000 52000 53000 51000 52000 51000
79.19 vb= t= 37000 50000 49000 46047 49000 50000 51000 51000 51000 50000 51000 50000
81.58 vb= t= 37000 50000 49000 46096 49000 50000 51000 51000 51000 50000 51000 50000
83.95 vb= t= 37000 50000 49000 45998 49000 50000 51000 51000 51000 50000 51000 50000
144.82 vb=39820 t= 37000 49000 48000 45021 48000 49000 50000 51000 50000 49000 50000 49000
147.17 vb=39724 t= 37000 49000 48000 44972 48000 49000 50000 51000 50000 50000 50000 49000
149.51 vb=39828 t= 37000 49000 48000 44972 48000 49000 49000 50000 50000 49000 49000 49000
151.88 vb=39837 t= 37000 49000 48000 44972 48000 49000 50000 50000 49000 49000 49000 49000
154.25 vb=39821 t= 37000 49000 48000 44972 48000 49000 49000 50000 50000 49000 49000 49000
156.63 vb=39820 t= 37000 49000 48000 44972 48000 49000 49000 50000 49000 49000 49000 49000
159.00 vb=39821 t= 37000 49000 48000 44923 48000 49000 49000 50000 50000 49000 50000 49000
161.37 vb=39694 t= 37000 49000 48000 44923 48000 49000 49000 50000 49000 49000 50000 49000
163.75 vb=39820 t= 37000 49000 48000 44874 48000 49000 49000 50000 50000 49000 49000 49000
166.13 vb=39812 t= 37000 49000 48000 44825 48000 49000 49000 50000 49000 49000 49000 49000
168.50 vb=39724 t= 37000 49000 48000 44776 48000 49000 49000 50000 49000 49000 49000 49000
170.87 vb=39741 t= 37000 49000 48000 44874 48000 49000 49000 50000 50000 49000 49000 49000
173.26 vb=39779 t= 37000 49000 48000 44825 48000 49000 49000 50000 49000 50000 49000 49000
175.63 vb=39778 t= 37000 49000 48000 44825 48000 49000 49000 50000 50000 49000 49000 49000
178.02 vb=39775 t= 37000 49000 48000 44825 48000 49000 49000 50000 49000 49000 50000 49000
180.40 vb=39808 t= 37000 49000 48000 44727 48000 49000 49000 50000 49000 49000 50000 49000
182.77 vb=39778 t= 37000 49000 48000 44727 48000 49000 49000 50000 49000 49000 50000 49000
185.14 vb=39640 t= 37000 49000 48000 44776 48000 49000 49000 50000 50000 49000 50000 49000
187.49 vb=39780 t= 37000 49000 48000 44678 48000 49000 49000 50000 50000 50000 49000 49000
189.86 vb=39830 t= 37000 49000 48000 44678 48000 49000 49000 49000 49000 49000 49000 49000
192.24 vb=39829 t= 37000 49000 48000 44727 48000 49000 49000 49000 49000 49000 49000 49000
194.62 vb=39820 t= 37000 49000 48000 44727 48000 49000 49000 50000 49000 49000 49000 49000
196.99 vb=39821 t= 37000 48000 48000 44727 48000 49000 49000 50000 49000 49000 49000 49000
199.36 vb=39818 t= 37000 48000 48000 44678 48000 49000 49000 49000 49000 49000 50000 49000
201.73 vb=39827 t= 37000 49000 48000 44630 48000 49000 49000 49000 49000 50000 49000 49000
204.11 vb=39723 t= 37000 48000 48000 44678 48000 49000 49000 50000 49000 49000 50000 49000
206.48 vb=39822 t= 37000 48000 48000 44630 48000 49000 49000 50000 51000 49000 49000 49000
208.84 vb=39827 t= 37000 49000 48000 44581 48000 49000 49000 50000 50000 49000 50000 49000
211.21 vb=39825 t= 37000 48000 48000 44630 48000 49000 49000 49000 49000 49000 49000 49000
213.59 vb=39825 t= 37000 48000 48000 44581 48000 49000 49000 50000 49000 49000 49000 49000
215.97 vb=39823 t= 37000 48000 48000 44581 48000 49000 49000 49000 49000 49000 49000 49000
218.33 vb=39735 t= 37000 49000 48000 44678 48000 49000 49000 49000 49000 49000 49000 49000
220.72 vb=39814 t= 37000 48000 48000 44581 48000 49000 49000 49000 50000 49000 49000 49000
223.09 vb=39749 t= 37000 48000 48000 44581 48000 49000 49000 51000 49000 50000 49000 49000
225.46 vb=39813 t= 37000 48000 48000 44581 48000 49000 49000 49000 49000 49000 49000 49000
227.83 vb=39788 t= 37000 48000 48000 44581 48000 49000 49000 49000 49000 49000 49000 49000
230.21 vb=39814 t= 37000 48000 48000 44483 48000 49000 49000 50000 49000 49000 49000 49000
232.59 vb=39766 t= 37000 48000 48000 44532 48000 49000 49000 49000 49000 49000 49000 49000
234.97 vb=39778 t= 37000 48000 48000 44532 48000 49000 49000 50000 49000 49000 49000 49000
237.35 vb=39818 t= 37000 48000 48000 44483 48000 49000 49000 50000 49000 49000 49000 49000
239.73 vb=39825 t= 37000 48000 48000 44434 48000 49000 49000 50000 49000 49000 49000 49000
242.10 vb=39650 t= 37000 49000 48000 44483 48000 49000 49000 49000 50000 48000 49000 49000
244.48 vb=39575 t= 37000 48000 48000 44483 47000 49000 49000 50000 49000 50000 50000 49000
246.83 vb=39825 t= 37000 48000 48000 44483 48000 49000 49000 49000 49000 49000 50000 49000
249.21 vb=39831 t= 37000 48000 48000 44434 48000 49000 49000 49000 49000 48000 49000 49000
251.59 vb=39820 t= 37000 48000 48000 44483 48000 49000 49000 49000 49000 48000 49000 49000
253.97 vb=39822 t= 37000 48000 48000 44434 48000 49000 49000 49000 49000 48000 49000 49000
256.34 vb=39825 t= 37000 48000 48000 44434 48000 49000 49000 50000 49000 49000 49000 49000
258.72 vb=39784 t= 37000 49000 48000 44385 47000 49000 49000 49000 49000 49000 49000 49000
